// Jest Snapshot v1, https://goo.gl/fbAQLP

exports[`should match snapshot 1`] = `
<DocumentFragment>
  <div
    class="Box"
    style="background-color: red; width: 30px; height: 40px;"
  >
    <button>
      X
    </button>
  </div>
</DocumentFragment>
`;
